[14:44:43] [main/INFO] (FabricLoader/GameProvider) Loading Minecraft 1.20.1 with Fabric Loader 0.16.10
[14:44:43] [main/INFO] (FabricLoader) Loading 65 mods:
	- fabric-api 0.92.12+1.20.1
	- fabric-api-base 0.4.32+1802ada577
	- fabric-api-lookup-api-v1 1.6.37+1802ada577
	- fabric-biome-api-v1 13.0.15+93aa238b77
	- fabric-block-api-v1 1.0.12+1802ada577
	- fabric-block-view-api-v2 1.0.3+924f046a77
	- fabric-blockrenderlayer-v1 1.1.42+1802ada577
	- fabric-client-tags-api-v1 1.2.0+238242b777
	- fabric-command-api-v1 1.2.35+f71b366f77
	- fabric-command-api-v2 2.2.14+1802ada577
	- fabric-commands-v0 0.2.52+df3654b377
	- fabric-containers-v0 0.1.68+df3654b377
	- fabric-content-registries-v0 4.0.13+1802ada577
	- fabric-convention-tags-v1 1.5.6+1802ada577
	- fabric-crash-report-info-v1 0.2.20+1802ada577
	- fabric-data-attachment-api-v1 1.0.2+de0fd6d177
	- fabric-data-generation-api-v1 12.4.0+238242b777
	- fabric-dimensions-v1 2.1.55+1802ada577
	- fabric-entity-events-v1 1.6.1+1c78457f77
	- fabric-events-interaction-v0 0.6.6+13a40c6677
	- fabric-events-lifecycle-v0 0.2.64+df3654b377
	- fabric-game-rule-api-v1 1.0.41+1802ada577
	- fabric-gametest-api-v1 1.2.15+1802ada577
	- fabric-item-api-v1 2.1.29+1802ada577
	- fabric-item-group-api-v1 4.0.14+1802ada577
	- fabric-key-binding-api-v1 1.0.38+1802ada577
	- fabric-keybindings-v0 0.2.36+df3654b377
	- fabric-lifecycle-events-v1 2.2.23+1802ada577
	- fabric-loot-api-v2 1.2.3+1802ada577
	- fabric-loot-tables-v1 1.1.47+9e7660c677
	- fabric-message-api-v1 5.1.10+1802ada577
	- fabric-mining-level-api-v1 2.1.52+1802ada577
	- fabric-model-loading-api-v1 1.0.4+1802ada577
	- fabric-models-v0 0.4.3+9386d8a777
	- fabric-networking-api-v1 1.3.15+0caff8d077
	- fabric-networking-v0 0.3.55+df3654b377
	- fabric-object-builder-api-v1 11.1.5+e35120df77
	- fabric-particles-v1 1.1.3+1802ada577
	- fabric-recipe-api-v1 1.0.25+1802ada577
	- fabric-registry-sync-v0 2.4.1+4c0a70e677
	- fabric-renderer-api-v1 3.2.2+1802ada577
	- fabric-renderer-indigo 1.5.3+85287f9f77
	- fabric-renderer-registries-v1 3.2.48+df3654b377
	- fabric-rendering-data-attachment-v1 0.3.39+92a0d36777
	- fabric-rendering-fluids-v1 3.0.29+1802ada577
	- fabric-rendering-v0 1.1.51+df3654b377
	- fabric-rendering-v1 3.0.10+54550fb677
	- fabric-resource-conditions-api-v1 2.3.9+1802ada577
	- fabric-resource-loader-v0 0.11.12+fb82e9d777
	- fabric-screen-api-v1 2.0.9+1802ada577
	- fabric-screen-handler-api-v1 1.3.34+1802ada577
	- fabric-sound-api-v1 1.0.14+1802ada577
	- fabric-tag-api-v1 1.3.0+238242b777
	- fabric-transfer-api-v1 3.3.6+8dd72ea377
	- fabric-transitive-access-wideners-v1 4.3.2+1802ada577
	- fabricloader 0.16.10
	- io_github_douira_glsl-transformer 2.0.1
	- iris 1.7.6+mc1.20.1
	- java 17
	- minecraft 1.20.1
	- mixinextras 0.4.1
	- org_anarres_jcpp 1.4.14
	- org_antlr_antlr4-runtime 4.13.1
	- sodium 0.5.13+mc1.20.1
	- vialumix 0.1.0-alpha-v20
[14:44:43] [main/INFO] (FabricLoader/Mixin) SpongePowered MIXIN Subsystem Version=0.8.7 Source=file:/C:/Users/gael/.gradle/caches/modules-2/files-2.1/net.fabricmc/sponge-mixin/0.15.4+mixin.0.8.7/6a12aacc794f1078458433116e9ed42c1cc98096/sponge-mixin-0.15.4+mixin.0.8.7.jar Service=Knot/Fabric Env=CLIENT
[14:44:43] [main/INFO] (FabricLoader/Mixin) Loaded Fabric development mappings for mixin remapper!
[14:44:43] [main/INFO] (FabricLoader/Mixin) Compatibility level set to JAVA_17
[14:44:43] [main/INFO] (Sodium) Loaded configuration file for Sodium: 42 options available, 3 override(s) found
[14:44:43] [main/WARN] (Sodium) Force-disabling mixin 'features.render.entity.CuboidMixin' as rule 'mixin.features.render.entity' (added by mods [iris]) disables it and children
[14:44:43] [main/WARN] (Sodium) Force-disabling mixin 'features.render.entity.ModelPartMixin' as rule 'mixin.features.render.entity' (added by mods [iris]) disables it and children
[14:44:43] [main/WARN] (Sodium) Force-disabling mixin 'features.render.entity.cull.EntityRendererMixin' as rule 'mixin.features.render.entity' (added by mods [iris]) disables it and children
[14:44:43] [main/WARN] (Sodium) Force-disabling mixin 'features.render.entity.shadows.EntityRenderDispatcherMixin' as rule 'mixin.features.render.entity' (added by mods [iris]) disables it and children
[14:44:43] [main/WARN] (Sodium) Force-disabling mixin 'features.render.gui.font.GlyphRendererMixin' as rule 'mixin.features.render.gui.font' (added by mods [iris]) disables it and children
[14:44:43] [main/WARN] (Sodium) Force-disabling mixin 'features.render.world.sky.BackgroundRendererMixin' as rule 'mixin.features.render.world.sky' (added by mods [iris]) disables it and children
[14:44:43] [main/WARN] (Sodium) Force-disabling mixin 'features.render.world.sky.ClientWorldMixin' as rule 'mixin.features.render.world.sky' (added by mods [iris]) disables it and children
[14:44:43] [main/WARN] (Sodium) Force-disabling mixin 'features.render.world.sky.WorldRendererMixin' as rule 'mixin.features.render.world.sky' (added by mods [iris]) disables it and children
[14:44:44] [main/INFO] (Sodium-GraphicsAdapterProbe) Searching for graphics cards...
[14:44:44] [main/INFO] (Sodium-GraphicsAdapterProbe) Found graphics adapter: AdapterInfo{vendor=NVIDIA, description='NVIDIA GeForce RTX 5070', adapterType=0x0000231B, openglIcdFilePath='C:\WINDOWS\System32\DriverStore\FileRepository\nvmdi.inf_amd64_3990df11758b8744\nvoglv64.dll', openglIcdVersion=32.0.16.1714}
[14:44:44] [main/WARN] (Sodium-Workarounds) Sodium has applied one or more workarounds to prevent crashes or other issues on your system: [NVIDIA_THREADED_OPTIMIZATIONS_BROKEN]
[14:44:44] [main/WARN] (Sodium-Workarounds) This is not necessarily an issue, but it may result in certain features or optimizations being disabled. You can sometimes fix these issues by upgrading your graphics driver.
[14:44:44] [main/INFO] (FabricLoader/MixinExtras|Service) Initializing MixinExtras via com.llamalad7.mixinextras.service.MixinExtrasServiceImpl(version=0.4.1).
[14:44:47] [Datafixer Bootstrap/INFO] (Minecraft) 188 Datafixer optimizations took 97 milliseconds
[14:44:48] [Render thread/INFO] (Minecraft) Environment: authHost='https://authserver.mojang.com', accountsHost='https://api.mojang.com', sessionHost='https://sessionserver.mojang.com', servicesHost='https://api.minecraftservices.com', name='PROD'
[14:44:49] [Render thread/ERROR] (Minecraft) Failed to verify authentication
com.mojang.authlib.exceptions.InvalidCredentialsException: Status: 401
	at com.mojang.authlib.exceptions.MinecraftClientHttpException.toAuthenticationException(MinecraftClientHttpException.java:56) ~[authlib-4.0.43.jar:?]
	at com.mojang.authlib.yggdrasil.YggdrasilUserApiService.fetchProperties(YggdrasilUserApiService.java:156) ~[authlib-4.0.43.jar:?]
	at com.mojang.authlib.yggdrasil.YggdrasilUserApiService.<init>(YggdrasilUserApiService.java:55) ~[authlib-4.0.43.jar:?]
	at com.mojang.authlib.yggdrasil.YggdrasilAuthenticationService.createUserApiService(YggdrasilAuthenticationService.java:124) ~[authlib-4.0.43.jar:?]
	at net.minecraft.client.MinecraftClient.createUserApiService(MinecraftClient.java:733) ~[minecraft-merged-95601a0411-1.20.1-net.fabricmc.yarn.1_20_1.1.20.1+build.10-v2.jar:?]
	at net.minecraft.client.MinecraftClient.<init>(MinecraftClient.java:442) ~[minecraft-merged-95601a0411-1.20.1-net.fabricmc.yarn.1_20_1.1.20.1+build.10-v2.jar:?]
	at net.minecraft.client.main.Main.main(Main.java:211) ~[minecraft-merged-95601a0411-1.20.1-net.fabricmc.yarn.1_20_1.1.20.1+build.10-v2.jar:?]
	at net.fabricmc.loader.impl.game.minecraft.MinecraftGameProvider.launch(MinecraftGameProvider.java:480) ~[fabric-loader-0.16.10.jar:?]
	at net.fabricmc.loader.impl.launch.knot.Knot.launch(Knot.java:74) ~[fabric-loader-0.16.10.jar:?]
	at net.fabricmc.loader.impl.launch.knot.KnotClient.main(KnotClient.java:23) ~[fabric-loader-0.16.10.jar:?]
	at net.fabricmc.devlaunchinjector.Main.main(Main.java:86) ~[dev-launch-injector-0.2.1+build.8.jar:?]
Caused by: com.mojang.authlib.exceptions.MinecraftClientHttpException: Status: 401
	at com.mojang.authlib.minecraft.client.MinecraftClient.readInputStream(MinecraftClient.java:85) ~[authlib-4.0.43.jar:?]
	at com.mojang.authlib.minecraft.client.MinecraftClient.get(MinecraftClient.java:48) ~[authlib-4.0.43.jar:?]
	at com.mojang.authlib.yggdrasil.YggdrasilUserApiService.fetchProperties(YggdrasilUserApiService.java:129) ~[authlib-4.0.43.jar:?]
	... 9 more
[14:44:49] [Render thread/INFO] (Minecraft) Setting user: Player355
[14:44:49] [Render thread/INFO] (vialumix-autotest) Vialumix auto-test enabled in mode 'vanilla'.
[14:44:49] [Render thread/INFO] (Indigo) [Indigo] Different rendering plugin detected; not applying Indigo.
[14:44:49] [ForkJoinPool.commonPool-worker-1/WARN] (Iris) [Iris Update Check] Cached update file detected, using that!
[14:44:49] [Render thread/INFO] (Minecraft) Backend library: LWJGL version 3.3.1 SNAPSHOT
[14:44:49] [Render thread/INFO] (Sodium-NvidiaWorkarounds) Modifying process environment to apply workarounds for the NVIDIA graphics driver...
[14:44:49] [Render thread/INFO] (Minecraft) OpenGL Vendor: NVIDIA Corporation
[14:44:49] [Render thread/INFO] (Minecraft) OpenGL Renderer: NVIDIA GeForce RTX 5070/PCIe/SSE2
[14:44:49] [Render thread/INFO] (Minecraft) OpenGL Version: 3.2.0 NVIDIA 617.14
[14:44:49] [Render thread/INFO] (Sodium-NvidiaWorkarounds) Modifying OpenGL context to apply workarounds for the NVIDIA graphics driver...
[14:44:49] [Render thread/INFO] (Sodium-NvidiaWorkarounds) Enabling GL_DEBUG_OUTPUT_SYNCHRONOUS to force the NVIDIA driver to disable threadedcommand submission
[14:44:49] [Render thread/WARN] (Sodium-Win32ModuleChecks) RivaTuner Statistics Server (RTSS) has injected into the process! Attempting to apply workarounds for compatibility...
[14:44:49] [Render thread/INFO] (Sodium-Win32ModuleChecks) Searching directory: C:\Program Files (x86)\RivaTuner Statistics Server
[14:44:49] [Render thread/INFO] (Sodium-Win32ModuleChecks) Parsing file: C:\Program Files (x86)\RivaTuner Statistics Server\RTSS.exe
[14:44:49] [Render thread/INFO] (Sodium-Win32ModuleChecks) Detected RivaTuner Statistics Server version: 7.3.5.28314
[14:44:49] [Render thread/INFO] (Iris) Debug functionality is disabled.
[14:44:49] [Render thread/INFO] (Iris) ARB_direct_state_access detected, enabling DSA.
[14:44:49] [Render thread/INFO] (Iris) Shaders are disabled because no valid shaderpack is selected
[14:44:50] [Render thread/INFO] (Iris) Hardware information:
[14:44:50] [Render thread/INFO] (Iris) CPU: 28x Intel(R) Core(TM) i7-14700K
[14:44:50] [Render thread/INFO] (Iris) GPU: NVIDIA GeForce RTX 5070/PCIe/SSE2 (Supports OpenGL 3.2.0 NVIDIA 617.14)
[14:44:50] [Render thread/INFO] (Iris) OS: Windows 11 (10.0)
[14:44:50] [Render thread/INFO] (Minecraft) Reloading ResourceManager: vanilla, fabric (fabric-tag-api-v1, fabric-api-lookup-api-v1, fabric-api-base, fabric-client-tags-api-v1, fabric-particles-v1, fabric-recipe-api-v1, fabric-key-binding-api-v1, fabric-blockrenderlayer-v1, fabric-loot-api-v2, iris, fabric-sound-api-v1, fabric-lifecycle-events-v1, fabric-block-view-api-v2, fabric-renderer-api-v1, fabric-model-loading-api-v1, fabric-entity-events-v1, fabric-rendering-fluids-v1, fabric-models-v0, fabric-commands-v0, fabric-loot-tables-v1, fabric-keybindings-v0, fabric-registry-sync-v0, fabric-rendering-v1, fabric-networking-v0, fabric-biome-api-v1, fabric-rendering-v0, fabric-data-generation-api-v1, fabric-screen-api-v1, fabric-gametest-api-v1, fabric-item-group-api-v1, fabric-dimensions-v1, fabric-api, fabric-resource-conditions-api-v1, fabric-command-api-v2, fabric-events-interaction-v0, fabric-containers-v0, fabric-item-api-v1, fabricloader, fabric-events-lifecycle-v0, fabric-screen-handler-api-v1, fabric-rendering-data-attachment-v1, fabric-message-api-v1, fabric-command-api-v1, fabric-resource-loader-v0, fabric-transitive-access-wideners-v1, fabric-transfer-api-v1, vialumix, fabric-networking-api-v1, fabric-block-api-v1, fabric-data-attachment-api-v1, fabric-renderer-indigo, fabric-mining-level-api-v1, fabric-content-registries-v0, fabric-convention-tags-v1, fabric-renderer-registries-v1, sodium, fabric-object-builder-api-v1, fabric-crash-report-info-v1, fabric-game-rule-api-v1)
[14:44:50] [Worker-Main-5/INFO] (Minecraft) Found unifont_all_no_pua-15.0.06.hex, loading
[14:44:50] [Render thread/INFO] (vialumix) Vialumix renderer capability probe: OpenGL vendor='NVIDIA Corporation', renderer='NVIDIA GeForce RTX 5070/PCIe/SSE2', version='3.2.0 NVIDIA 617.14', computeShaders=true, GL_NV_ray_tracing=false (OpenGL only; does not report Vulkan RT), GL_EXT_memory_object=true, GL_EXT_memory_object_win32=true, GL_EXT_semaphore=true, GL_EXT_semaphore_win32=true, GL_DEVICE_LUID_EXT=available
[14:44:50] [Render thread/INFO] (vialumix) Vialumix Vulkan/OpenGL device and export probe: matchedVulkanDevice="NVIDIA GeForce RTX 5070", Vulkan=1.4, VK_KHR_acceleration_structure=1, VK_KHR_ray_tracing_pipeline=1, rayTracingFeatures=1, VK_KHR_deferred_host_operations=1, VK_KHR_external_memory_win32=1, VK_KHR_external_semaphore_win32=1, rgba16fExternalImageExport=1, rgba8ExternalImageExport=1, opaqueWin32SemaphoreImportExport=1
[14:44:51] [Render thread/INFO] (vialumix) Vialumix Vulkan/OpenGL shared-image readback probe: hardwareRayTracingPipeline=true, inputTriangles=1, rayHitSamples=338, centerPixel=20/105/255/255, dimensions=64x64
[14:44:51] [Render thread/INFO] (vialumix) GL_NV_ray_tracing is unavailable in this OpenGL context; Vulkan ray tracing is checked independently and is not ruled out by this result.
[14:44:51] [Render thread/INFO] (vialumix) OpenGL advertises the Windows external-memory and semaphore extensions required by the Vulkan/OpenGL shared-image probe.
[14:44:51] [Render thread/WARN] (Minecraft) Missing sound for event: minecraft:item.goat_horn.play
[14:44:51] [Render thread/WARN] (Minecraft) Missing sound for event: minecraft:entity.goat.screaming.horn_break
[14:44:51] [Render thread/INFO] (Minecraft) OpenAL initialized on device OpenAL Soft on Realtek Digital Output (Realtek USB Audio)
[14:44:51] [Render thread/INFO] (Minecraft) Sound engine started
[14:44:51] [Render thread/INFO] (Minecraft) Created: 1024x512x4 minecraft:textures/atlas/blocks.png-atlas
[14:44:51] [Render thread/INFO] (Minecraft) Created: 256x256x4 minecraft:textures/atlas/signs.png-atlas
[14:44:51] [Render thread/INFO] (Minecraft) Created: 512x512x4 minecraft:textures/atlas/shield_patterns.png-atlas
[14:44:51] [Render thread/INFO] (Minecraft) Created: 512x512x4 minecraft:textures/atlas/banner_patterns.png-atlas
[14:44:51] [Render thread/INFO] (Minecraft) Created: 1024x1024x4 minecraft:textures/atlas/armor_trims.png-atlas
[14:44:51] [Render thread/INFO] (Minecraft) Created: 128x64x4 minecraft:textures/atlas/decorated_pot.png-atlas
[14:44:51] [Render thread/INFO] (Minecraft) Created: 256x256x4 minecraft:textures/atlas/chest.png-atlas
[14:44:51] [Render thread/INFO] (Minecraft) Created: 512x256x4 minecraft:textures/atlas/beds.png-atlas
[14:44:51] [Render thread/INFO] (Minecraft) Created: 512x256x4 minecraft:textures/atlas/shulker_boxes.png-atlas
[14:44:52] [Render thread/WARN] (Minecraft) Shader rendertype_entity_translucent_emissive could not find sampler named Sampler2 in the specified shader program.
[14:44:52] [Render thread/INFO] (Minecraft) Created: 256x256x0 minecraft:textures/atlas/particles.png-atlas
[14:44:52] [Render thread/INFO] (Minecraft) Created: 256x256x0 minecraft:textures/atlas/paintings.png-atlas
[14:44:52] [Render thread/INFO] (Minecraft) Created: 128x128x0 minecraft:textures/atlas/mob_effects.png-atlas
[14:44:53] [Render thread/INFO] (Minecraft) Loaded 7 recipes
[14:44:53] [Render thread/INFO] (Minecraft) Loaded 1271 advancements
[14:44:53] [Render thread/INFO] (BiomeModificationImpl) Applied 0 biome modifications to 0 of 64 new biomes in 806.4 μs
[14:44:53] [Server thread/INFO] (Minecraft) Starting integrated minecraft server version 1.20.1
[14:44:53] [Server thread/INFO] (Minecraft) Generating keypair
[14:44:54] [Server thread/INFO] (Minecraft) Preparing start region for dimension minecraft:overworld
[14:44:55] [Render thread/INFO] (Minecraft) Préparation de la zone d'apparition : 0 %
[14:44:55] [Render thread/INFO] (Minecraft) Préparation de la zone d'apparition : 0 %
[14:44:55] [Render thread/INFO] (Minecraft) Préparation de la zone d'apparition : 0 %
[14:44:55] [Render thread/INFO] (Minecraft) Préparation de la zone d'apparition : 0 %
[14:44:56] [Render thread/INFO] (Minecraft) Time elapsed: 1945 ms
[14:44:56] [Server thread/INFO] (Minecraft) Changing view distance to 32, from 10
[14:44:56] [Server thread/INFO] (Minecraft) Changing simulation distance to 32, from 0
[14:44:56] [Server thread/INFO] (Minecraft) Player355[local:E:b80d0b54] logged in with entity id 60 at (333.23827815469167, 80.0, 107.57893994777199)
[14:44:56] [Server thread/INFO] (Minecraft) Player355 a rejoint la partie
[14:44:56] [Render thread/INFO] (Iris) Reloading pipeline on dimension change: null => minecraft:overworld
[14:44:56] [Render thread/INFO] (Iris) Creating pipeline for dimension minecraft:overworld
[14:44:56] [Render thread/INFO] (ChunkBuilder) Started 10 worker threads
[14:44:57] [Render thread/INFO] (Minecraft) Loaded 17 advancements
[14:44:57] [Server thread/INFO] (Minecraft) Le temps a été fixé à 4000 ticks
[14:44:57] [Server thread/INFO] (Minecraft) Le temps s'éclaircit
[14:44:57] [Render thread/INFO] (Minecraft) [System] [CHAT] [Server : Le temps a été fixé à 4000 ticks]
[14:44:57] [Render thread/INFO] (Minecraft) [System] [CHAT] [Server : Le temps s'éclaircit]
[14:44:59] [Server thread/INFO] (Minecraft) Saving and pausing game...
[14:44:59] [Server thread/INFO] (Minecraft) Saving chunks for level 'ServerLevel[Nouveau monde]'/minecraft:overworld
[14:45:00] [Server thread/INFO] (Minecraft) Saving chunks for level 'ServerLevel[Nouveau monde]'/minecraft:the_end
[14:45:00] [Server thread/INFO] (Minecraft) Saving chunks for level 'ServerLevel[Nouveau monde]'/minecraft:the_nether
[14:45:05] [Render thread/INFO] (vialumix-autotest) Vialumix UI test finished.
[14:45:05] [Render thread/INFO] (Minecraft) Stopping!
[14:45:05] [Server thread/INFO] (Minecraft) Player355 lost connection: Déconnecté(e)
[14:45:05] [Server thread/INFO] (Minecraft) Player355 a quitté la partie
[14:45:05] [Server thread/INFO] (Minecraft) Stopping singleplayer server as player logged out
[14:45:05] [Server thread/INFO] (Minecraft) Stopping server
[14:45:05] [Server thread/INFO] (Minecraft) Saving players
[14:45:05] [Server thread/INFO] (Minecraft) Saving worlds
[14:45:07] [Server thread/INFO] (Minecraft) Saving chunks for level 'ServerLevel[Nouveau monde]'/minecraft:overworld
[14:45:12] [Server thread/INFO] (Minecraft) Saving chunks for level 'ServerLevel[Nouveau monde]'/minecraft:the_end
[14:45:12] [Server thread/INFO] (Minecraft) Saving chunks for level 'ServerLevel[Nouveau monde]'/minecraft:the_nether
[14:45:12] [Server thread/INFO] (Minecraft) ThreadedAnvilChunkStorage (Nouveau monde): All chunks are saved
[14:45:12] [Server thread/INFO] (Minecraft) ThreadedAnvilChunkStorage (DIM1): All chunks are saved
[14:45:12] [Server thread/INFO] (Minecraft) ThreadedAnvilChunkStorage (DIM-1): All chunks are saved
[14:45:12] [Server thread/INFO] (Minecraft) ThreadedAnvilChunkStorage: All dimensions are saved
[14:45:12] [Render thread/INFO] (ChunkBuilder) Stopping worker threads
